------------------------------------------------------------
Timing Analyzer Summary
------------------------------------------------------------

Type  : Slow 1200mV 85C Model Setup 'frequency_divisor:frequency_divisor_inst|new_clock'
Slack : -1.673
TNS   : -29.495

Type  : Slow 1200mV 85C Model Setup 'clk'
Slack : -0.845
TNS   : -0.845

Type  : Slow 1200mV 85C Model Hold 'frequency_divisor:frequency_divisor_inst|new_clock'
Slack : 0.342
TNS   : 0.000

Type  : Slow 1200mV 85C Model Hold 'clk'
Slack : 0.357
TNS   : 0.000

Type  : Slow 1200mV 85C Model Minimum Pulse Width 'clk'
Slack : -3.000
TNS   : -6.000

Type  : Slow 1200mV 85C Model Minimum Pulse Width 'frequency_divisor:frequency_divisor_inst|new_clock'
Slack : -1.000
TNS   : -27.000

Type  : Slow 1200mV 0C Model Setup 'frequency_divisor:frequency_divisor_inst|new_clock'
Slack : -1.410
TNS   : -23.580

Type  : Slow 1200mV 0C Model Setup 'clk'
Slack : -0.641
TNS   : -0.641

Type  : Slow 1200mV 0C Model Hold 'frequency_divisor:frequency_divisor_inst|new_clock'
Slack : 0.298
TNS   : 0.000

Type  : Slow 1200mV 0C Model Hold 'clk'
Slack : 0.311
TNS   : 0.000

Type  : Slow 1200mV 0C Model Minimum Pulse Width 'clk'
Slack : -3.000
TNS   : -6.000

Type  : Slow 1200mV 0C Model Minimum Pulse Width 'frequency_divisor:frequency_divisor_inst|new_clock'
Slack : -1.000
TNS   : -27.000

Type  : Fast 1200mV 0C Model Setup 'frequency_divisor:frequency_divisor_inst|new_clock'
Slack : -0.505
TNS   : -5.732

Type  : Fast 1200mV 0C Model Setup 'clk'
Slack : -0.363
TNS   : -0.363

Type  : Fast 1200mV 0C Model Hold 'frequency_divisor:frequency_divisor_inst|new_clock'
Slack : 0.178
TNS   : 0.000

Type  : Fast 1200mV 0C Model Hold 'clk'
Slack : 0.186
TNS   : 0.000

Type  : Fast 1200mV 0C Model Minimum Pulse Width 'clk'
Slack : -3.000
TNS   : -6.162

Type  : Fast 1200mV 0C Model Minimum Pulse Width 'frequency_divisor:frequency_divisor_inst|new_clock'
Slack : -1.000
TNS   : -27.000

------------------------------------------------------------
