------------------------------------------------------------
Timing Analyzer Summary
------------------------------------------------------------

Type  : Slow 1200mV 85C Model Setup 'frequency_divisor:frequency_divisor_inst|new_clock'
Slack : -1.751
TNS   : -31.225

Type  : Slow 1200mV 85C Model Setup 'clk'
Slack : -0.971
TNS   : -0.971

Type  : Slow 1200mV 85C Model Hold 'frequency_divisor:frequency_divisor_inst|new_clock'
Slack : 0.342
TNS   : 0.000

Type  : Slow 1200mV 85C Model Hold 'clk'
Slack : 0.357
TNS   : 0.000

Type  : Slow 1200mV 85C Model Minimum Pulse Width 'clk'
Slack : -3.000
TNS   : -6.000

Type  : Slow 1200mV 85C Model Minimum Pulse Width 'frequency_divisor:frequency_divisor_inst|new_clock'
Slack : -1.000
TNS   : -27.000

Type  : Slow 1200mV 0C Model Setup 'frequency_divisor:frequency_divisor_inst|new_clock'
Slack : -1.478
TNS   : -25.008

Type  : Slow 1200mV 0C Model Setup 'clk'
Slack : -0.795
TNS   : -0.795

Type  : Slow 1200mV 0C Model Hold 'frequency_divisor:frequency_divisor_inst|new_clock'
Slack : 0.299
TNS   : 0.000

Type  : Slow 1200mV 0C Model Hold 'clk'
Slack : 0.311
TNS   : 0.000

Type  : Slow 1200mV 0C Model Minimum Pulse Width 'clk'
Slack : -3.000
TNS   : -6.000

Type  : Slow 1200mV 0C Model Minimum Pulse Width 'frequency_divisor:frequency_divisor_inst|new_clock'
Slack : -1.000
TNS   : -27.000

Type  : Fast 1200mV 0C Model Setup 'frequency_divisor:frequency_divisor_inst|new_clock'
Slack : -0.532
TNS   : -6.678

Type  : Fast 1200mV 0C Model Setup 'clk'
Slack : -0.469
TNS   : -0.469

Type  : Fast 1200mV 0C Model Hold 'frequency_divisor:frequency_divisor_inst|new_clock'
Slack : 0.178
TNS   : 0.000

Type  : Fast 1200mV 0C Model Hold 'clk'
Slack : 0.186
TNS   : 0.000

Type  : Fast 1200mV 0C Model Minimum Pulse Width 'clk'
Slack : -3.000
TNS   : -6.162

Type  : Fast 1200mV 0C Model Minimum Pulse Width 'frequency_divisor:frequency_divisor_inst|new_clock'
Slack : -1.000
TNS   : -27.000

------------------------------------------------------------
