Archive member included to satisfy reference by file (symbol)

../CollendaProgram_bsp//libhal_bsp.a(alt_load.o)
                              ../CollendaProgram_bsp//obj/HAL/src/crt0.o (alt_load)
../CollendaProgram_bsp//libhal_bsp.a(alt_main.o)
                              ../CollendaProgram_bsp//obj/HAL/src/crt0.o (alt_main)
../CollendaProgram_bsp//libhal_bsp.a(alt_sys_init.o)
                              ../CollendaProgram_bsp//libhal_bsp.a(alt_main.o) (alt_irq_init)
../CollendaProgram_bsp//libhal_bsp.a(alt_dcache_flush_all.o)
                              ../CollendaProgram_bsp//libhal_bsp.a(alt_load.o) (alt_dcache_flush_all)
../CollendaProgram_bsp//libhal_bsp.a(alt_icache_flush_all.o)
                              ../CollendaProgram_bsp//libhal_bsp.a(alt_load.o) (alt_icache_flush_all)
../CollendaProgram_bsp//libhal_bsp.a(altera_nios2_gen2_irq.o)
                              ../CollendaProgram_bsp//libhal_bsp.a(alt_sys_init.o) (altera_nios2_gen2_irq_init)

Memory Configuration

Name             Origin             Length             Attributes
reset            0x0000000000008000 0x0000000000000020
onchip_memory2_0 0x0000000000008020 0x0000000000007510
*default*        0x0000000000000000 0xffffffffffffffff

Linker script and memory map

LOAD ../CollendaProgram_bsp//obj/HAL/src/crt0.o
LOAD obj/default/hello_world_small.o
LOAD /opt/intelFPGA_lite/18.1/nios2eds/bin/gnu/H-x86_64-pc-linux-gnu/bin/../lib/gcc/nios2-elf/5.3.0/../../../../../H-x86_64-pc-linux-gnu/nios2-elf/lib/mno-hw-mul/libstdc++.a
LOAD /opt/intelFPGA_lite/18.1/nios2eds/bin/gnu/H-x86_64-pc-linux-gnu/bin/../lib/gcc/nios2-elf/5.3.0/../../../../../H-x86_64-pc-linux-gnu/nios2-elf/lib/mno-hw-mul/libm.a
LOAD /opt/intelFPGA_lite/18.1/nios2eds/bin/gnu/H-x86_64-pc-linux-gnu/bin/../lib/gcc/nios2-elf/5.3.0/mno-hw-mul/libgcc.a
START GROUP
LOAD /opt/intelFPGA_lite/18.1/nios2eds/bin/gnu/H-x86_64-pc-linux-gnu/bin/../lib/gcc/nios2-elf/5.3.0/../../../../../H-x86_64-pc-linux-gnu/nios2-elf/lib/mno-hw-mul/libsmallc.a
LOAD /opt/intelFPGA_lite/18.1/nios2eds/bin/gnu/H-x86_64-pc-linux-gnu/bin/../lib/gcc/nios2-elf/5.3.0/mno-hw-mul/libgcc.a
LOAD ../CollendaProgram_bsp//libhal_bsp.a
LOAD /opt/intelFPGA_lite/18.1/nios2eds/bin/gnu/H-x86_64-pc-linux-gnu/bin/../lib/gcc/nios2-elf/5.3.0/../../../../../H-x86_64-pc-linux-gnu/nios2-elf/lib/mno-hw-mul/libm.a
END GROUP
LOAD /opt/intelFPGA_lite/18.1/nios2eds/bin/gnu/H-x86_64-pc-linux-gnu/bin/../lib/gcc/nios2-elf/5.3.0/mno-hw-mul/libgcc.a
                0x0000000000008000                __alt_mem_onchip_memory2_0 = 0x8000

.entry          0x0000000000008000       0x20
 *(.entry)
 .entry         0x0000000000008000       0x20 ../CollendaProgram_bsp//obj/HAL/src/crt0.o
                0x0000000000008000                __reset
                0x000000000000800c                _exit

.exceptions     0x0000000000008020        0x0
                0x0000000000008020                PROVIDE (__ram_exceptions_start, ABSOLUTE (.))
                0x0000000000008020                . = ALIGN (0x20)
 *(.irq)
 *(.exceptions.entry.label)
 *(.exceptions.entry.user)
 *(.exceptions.entry.ecc_fatal)
 *(.exceptions.entry)
 *(.exceptions.irqtest.user)
 *(.exceptions.irqtest)
 *(.exceptions.irqhandler.user)
 *(.exceptions.irqhandler)
 *(.exceptions.irqreturn.user)
 *(.exceptions.irqreturn)
 *(.exceptions.notirq.label)
 *(.exceptions.notirq.user)
 *(.exceptions.notirq)
 *(.exceptions.soft.user)
 *(.exceptions.soft)
 *(.exceptions.unknown.user)
 *(.exceptions.unknown)
 *(.exceptions.exit.label)
 *(.exceptions.exit.user)
 *(.exceptions.exit)
 *(.exceptions)
                0x0000000000008020                PROVIDE (__ram_exceptions_end, ABSOLUTE (.))
                0x0000000000008020                PROVIDE (__flash_exceptions_start, LOADADDR (.exceptions))

.text           0x0000000000008020      0x2b8
                [!provide]                        PROVIDE (stext, ABSOLUTE (.))
 *(.interp)
 *(.hash)
 *(.dynsym)
 *(.dynstr)
 *(.gnu.version)
 *(.gnu.version_d)
 *(.gnu.version_r)
 *(.rel.init)
 *(.rela.init)
 *(.rel.text .rel.text.* .rel.gnu.linkonce.t.*)
 *(.rela.text .rela.text.* .rela.gnu.linkonce.t.*)
 *(.rel.fini)
 *(.rela.fini)
 *(.rel.rodata .rel.rodata.* .rel.gnu.linkonce.r.*)
 *(.rela.rodata .rela.rodata.* .rela.gnu.linkonce.r.*)
 *(.rel.data .rel.data.* .rel.gnu.linkonce.d.*)
 *(.rela.data .rela.data.* .rela.gnu.linkonce.d.*)
 *(.rel.tdata .rel.tdata.* .rel.gnu.linkonce.td.*)
 *(.rela.tdata .rela.tdata.* .rela.gnu.linkonce.td.*)
 *(.rel.tbss .rel.tbss.* .rel.gnu.linkonce.tb.*)
 *(.rela.tbss .rela.tbss.* .rela.gnu.linkonce.tb.*)
 *(.rel.ctors)
 *(.rela.ctors)
 *(.rel.dtors)
 *(.rela.dtors)
 *(.rel.got)
 *(.rela.got)
 *(.rel.sdata .rel.sdata.* .rel.gnu.linkonce.s.*)
 *(.rela.sdata .rela.sdata.* .rela.gnu.linkonce.s.*)
 *(.rel.sbss .rel.sbss.* .rel.gnu.linkonce.sb.*)
 *(.rela.sbss .rela.sbss.* .rela.gnu.linkonce.sb.*)
 *(.rel.sdata2 .rel.sdata2.* .rel.gnu.linkonce.s2.*)
 *(.rela.sdata2 .rela.sdata2.* .rela.gnu.linkonce.s2.*)
 *(.rel.sbss2 .rel.sbss2.* .rel.gnu.linkonce.sb2.*)
 *(.rela.sbss2 .rela.sbss2.* .rela.gnu.linkonce.sb2.*)
 *(.rel.bss .rel.bss.* .rel.gnu.linkonce.b.*)
 *(.rela.bss .rela.bss.* .rela.gnu.linkonce.b.*)
 *(.rel.plt)
 *(.rela.plt)
 *(.rel.dyn)
 *(.init)
 *(.plt)
 *(.text .stub .text.* .gnu.linkonce.t.*)
 .text          0x0000000000008020       0x3c ../CollendaProgram_bsp//obj/HAL/src/crt0.o
                0x0000000000008020                _start
 .text          0x000000000000805c        0x0 obj/default/hello_world_small.o
 .text.startup  0x000000000000805c      0x13c obj/default/hello_world_small.o
                0x000000000000805c                main
 .text          0x0000000000008198       0xe0 ../CollendaProgram_bsp//libhal_bsp.a(alt_load.o)
                0x0000000000008198                alt_load
 .text          0x0000000000008278       0x2c ../CollendaProgram_bsp//libhal_bsp.a(alt_main.o)
                0x0000000000008278                alt_main
 .text          0x00000000000082a4       0x24 ../CollendaProgram_bsp//libhal_bsp.a(alt_sys_init.o)
                0x00000000000082a4                alt_irq_init
                0x00000000000082c4                alt_sys_init
 .text          0x00000000000082c8        0x4 ../CollendaProgram_bsp//libhal_bsp.a(alt_dcache_flush_all.o)
                0x00000000000082c8                alt_dcache_flush_all
 .text          0x00000000000082cc        0x4 ../CollendaProgram_bsp//libhal_bsp.a(alt_icache_flush_all.o)
                0x00000000000082cc                alt_icache_flush_all
 .text          0x00000000000082d0        0x8 ../CollendaProgram_bsp//libhal_bsp.a(altera_nios2_gen2_irq.o)
                0x00000000000082d0                altera_nios2_gen2_irq_init
 *(.gnu.warning.*)
 *(.fini)
                [!provide]                        PROVIDE (__etext, ABSOLUTE (.))
                [!provide]                        PROVIDE (_etext, ABSOLUTE (.))
                [!provide]                        PROVIDE (etext, ABSOLUTE (.))
 *(.eh_frame_hdr)
                0x00000000000082d8                . = ALIGN (0x4)
                [!provide]                        PROVIDE (__preinit_array_start, ABSOLUTE (.))
 *(.preinit_array)
                [!provide]                        PROVIDE (__preinit_array_end, ABSOLUTE (.))
                [!provide]                        PROVIDE (__init_array_start, ABSOLUTE (.))
 *(.init_array)
                [!provide]                        PROVIDE (__init_array_end, ABSOLUTE (.))
                [!provide]                        PROVIDE (__fini_array_start, ABSOLUTE (.))
 *(.fini_array)
                [!provide]                        PROVIDE (__fini_array_end, ABSOLUTE (.))
 *(.eh_frame)
 *(.gcc_except_table .gcc_except_table.*)
 *(.dynamic)
                [!provide]                        PROVIDE (__CTOR_LIST__, ABSOLUTE (.))
 *(.ctors)
 *(SORT(.ctors.*))
                [!provide]                        PROVIDE (__CTOR_END__, ABSOLUTE (.))
                [!provide]                        PROVIDE (__DTOR_LIST__, ABSOLUTE (.))
 *(.dtors)
 *(SORT(.dtors.*))
                [!provide]                        PROVIDE (__DTOR_END__, ABSOLUTE (.))
 *(.jcr)
                0x00000000000082d8                . = ALIGN (0x4)

.rodata         0x00000000000082d8        0x0
                0x00000000000082d8                PROVIDE (__ram_rodata_start, ABSOLUTE (.))
                0x00000000000082d8                . = ALIGN (0x4)
 *(.rodata .rodata.* .gnu.linkonce.r.*)
 *(.rodata1)
                0x00000000000082d8                . = ALIGN (0x4)
                0x00000000000082d8                PROVIDE (__ram_rodata_end, ABSOLUTE (.))
                0x00000000000082d8                PROVIDE (__flash_rodata_start, LOADADDR (.rodata))

.rwdata         0x00000000000082d8        0x4 load address 0x00000000000082dc
                0x00000000000082d8                PROVIDE (__ram_rwdata_start, ABSOLUTE (.))
                0x00000000000082d8                . = ALIGN (0x4)
 *(.got.plt)
 *(.got)
 *(.data1)
 *(.data .data.* .gnu.linkonce.d.*)
 .data          0x00000000000082d8        0x0 ../CollendaProgram_bsp//obj/HAL/src/crt0.o
 .data          0x00000000000082d8        0x0 obj/default/hello_world_small.o
 .data          0x00000000000082d8        0x0 ../CollendaProgram_bsp//libhal_bsp.a(alt_load.o)
 .data          0x00000000000082d8        0x0 ../CollendaProgram_bsp//libhal_bsp.a(alt_main.o)
 .data          0x00000000000082d8        0x0 ../CollendaProgram_bsp//libhal_bsp.a(alt_sys_init.o)
 .data          0x00000000000082d8        0x0 ../CollendaProgram_bsp//libhal_bsp.a(alt_dcache_flush_all.o)
 .data          0x00000000000082d8        0x0 ../CollendaProgram_bsp//libhal_bsp.a(alt_icache_flush_all.o)
 .data          0x00000000000082d8        0x0 ../CollendaProgram_bsp//libhal_bsp.a(altera_nios2_gen2_irq.o)
                0x00000000000102d8                _gp = ABSOLUTE ((. + 0x8000))
                [!provide]                        PROVIDE (gp, _gp)
 *(.rwdata .rwdata.*)
 *(.sdata .sdata.* .gnu.linkonce.s.*)
 .sdata         0x00000000000082d8        0x4 ../CollendaProgram_bsp//libhal_bsp.a(alt_sys_init.o)
                0x00000000000082d8                jtag_uart_0
 *(.sdata2 .sdata2.* .gnu.linkonce.s2.*)
                0x00000000000082dc                . = ALIGN (0x4)
                0x00000000000082dc                _edata = ABSOLUTE (.)
                [!provide]                        PROVIDE (edata, ABSOLUTE (.))
                0x00000000000082dc                PROVIDE (__ram_rwdata_end, ABSOLUTE (.))
                0x00000000000082dc                PROVIDE (__flash_rwdata_start, LOADADDR (.rwdata))

.bss            0x00000000000082e0        0xc
                0x00000000000082e0                __bss_start = ABSOLUTE (.)
                [!provide]                        PROVIDE (__sbss_start, ABSOLUTE (.))
                [!provide]                        PROVIDE (___sbss_start, ABSOLUTE (.))
 *(.dynsbss)
 *(.sbss .sbss.* .gnu.linkonce.sb.*)
 .sbss          0x00000000000082e0        0xc ../CollendaProgram_bsp//libhal_bsp.a(alt_main.o)
                0x00000000000082e0                alt_envp
                0x00000000000082e4                alt_argv
                0x00000000000082e8                alt_argc
 *(.sbss2 .sbss2.* .gnu.linkonce.sb2.*)
 *(.scommon)
                [!provide]                        PROVIDE (__sbss_end, ABSOLUTE (.))
                [!provide]                        PROVIDE (___sbss_end, ABSOLUTE (.))
 *(.dynbss)
 *(.bss .bss.* .gnu.linkonce.b.*)
 .bss           0x00000000000082ec        0x0 ../CollendaProgram_bsp//obj/HAL/src/crt0.o
 .bss           0x00000000000082ec        0x0 obj/default/hello_world_small.o
 .bss           0x00000000000082ec        0x0 ../CollendaProgram_bsp//libhal_bsp.a(alt_load.o)
 .bss           0x00000000000082ec        0x0 ../CollendaProgram_bsp//libhal_bsp.a(alt_main.o)
 .bss           0x00000000000082ec        0x0 ../CollendaProgram_bsp//libhal_bsp.a(alt_sys_init.o)
 .bss           0x00000000000082ec        0x0 ../CollendaProgram_bsp//libhal_bsp.a(alt_dcache_flush_all.o)
 .bss           0x00000000000082ec        0x0 ../CollendaProgram_bsp//libhal_bsp.a(alt_icache_flush_all.o)
 .bss           0x00000000000082ec        0x0 ../CollendaProgram_bsp//libhal_bsp.a(altera_nios2_gen2_irq.o)
 *(COMMON)
                0x00000000000082ec                . = ALIGN (0x4)
                0x00000000000082ec                __bss_end = ABSOLUTE (.)

.onchip_memory2_0
                0x00000000000082ec        0x0
                [!provide]                        PROVIDE (_alt_partition_onchip_memory2_0_start, ABSOLUTE (.))
 *(.onchip_memory2_0 .onchip_memory2_0. onchip_memory2_0.*)
                0x00000000000082ec                . = ALIGN (0x4)
                [!provide]                        PROVIDE (_alt_partition_onchip_memory2_0_end, ABSOLUTE (.))
                0x00000000000082ec                _end = ABSOLUTE (.)
                0x00000000000082ec                end = ABSOLUTE (.)
                0x00000000000082ec                __alt_stack_base = ABSOLUTE (.)
                [!provide]                        PROVIDE (_alt_partition_onchip_memory2_0_load_addr, LOADADDR (.onchip_memory2_0))

.stab
 *(.stab)

.stabstr
 *(.stabstr)

.stab.excl
 *(.stab.excl)

.stab.exclstr
 *(.stab.exclstr)

.stab.index
 *(.stab.index)

.stab.indexstr
 *(.stab.indexstr)

.comment        0x0000000000000000       0x23
 *(.comment)
 .comment       0x0000000000000000       0x23 obj/default/hello_world_small.o
                                         0x24 (size before relaxing)
 .comment       0x0000000000000023       0x24 ../CollendaProgram_bsp//libhal_bsp.a(alt_load.o)
 .comment       0x0000000000000023       0x24 ../CollendaProgram_bsp//libhal_bsp.a(alt_main.o)
 .comment       0x0000000000000023       0x24 ../CollendaProgram_bsp//libhal_bsp.a(alt_sys_init.o)
 .comment       0x0000000000000023       0x24 ../CollendaProgram_bsp//libhal_bsp.a(alt_dcache_flush_all.o)
 .comment       0x0000000000000023       0x24 ../CollendaProgram_bsp//libhal_bsp.a(alt_icache_flush_all.o)
 .comment       0x0000000000000023       0x24 ../CollendaProgram_bsp//libhal_bsp.a(altera_nios2_gen2_irq.o)

.debug
 *(.debug)

.line
 *(.line)

.debug_srcinfo
 *(.debug_srcinfo)

.debug_sfnames
 *(.debug_sfnames)

.debug_aranges  0x0000000000000000      0x108
 *(.debug_aranges)
 .debug_aranges
                0x0000000000000000       0x28 ../CollendaProgram_bsp//obj/HAL/src/crt0.o
 .debug_aranges
                0x0000000000000028       0x20 obj/default/hello_world_small.o
 .debug_aranges
                0x0000000000000048       0x20 ../CollendaProgram_bsp//libhal_bsp.a(alt_load.o)
 .debug_aranges
                0x0000000000000068       0x20 ../CollendaProgram_bsp//libhal_bsp.a(alt_main.o)
 .debug_aranges
                0x0000000000000088       0x20 ../CollendaProgram_bsp//libhal_bsp.a(alt_sys_init.o)
 .debug_aranges
                0x00000000000000a8       0x20 ../CollendaProgram_bsp//libhal_bsp.a(alt_dcache_flush_all.o)
 .debug_aranges
                0x00000000000000c8       0x20 ../CollendaProgram_bsp//libhal_bsp.a(alt_icache_flush_all.o)
 .debug_aranges
                0x00000000000000e8       0x20 ../CollendaProgram_bsp//libhal_bsp.a(altera_nios2_gen2_irq.o)

.debug_pubnames
 *(.debug_pubnames)

.debug_info     0x0000000000000000      0x843
 *(.debug_info .gnu.linkonce.wi.*)
 .debug_info    0x0000000000000000       0x75 ../CollendaProgram_bsp//obj/HAL/src/crt0.o
 .debug_info    0x0000000000000075      0x161 obj/default/hello_world_small.o
 .debug_info    0x00000000000001d6      0x1c9 ../CollendaProgram_bsp//libhal_bsp.a(alt_load.o)
 .debug_info    0x000000000000039f      0x169 ../CollendaProgram_bsp//libhal_bsp.a(alt_main.o)
 .debug_info    0x0000000000000508      0x185 ../CollendaProgram_bsp//libhal_bsp.a(alt_sys_init.o)
 .debug_info    0x000000000000068d       0x92 ../CollendaProgram_bsp//libhal_bsp.a(alt_dcache_flush_all.o)
 .debug_info    0x000000000000071f       0x92 ../CollendaProgram_bsp//libhal_bsp.a(alt_icache_flush_all.o)
 .debug_info    0x00000000000007b1       0x92 ../CollendaProgram_bsp//libhal_bsp.a(altera_nios2_gen2_irq.o)

.debug_abbrev   0x0000000000000000      0x414
 *(.debug_abbrev)
 .debug_abbrev  0x0000000000000000       0x12 ../CollendaProgram_bsp//obj/HAL/src/crt0.o
 .debug_abbrev  0x0000000000000012       0x6f obj/default/hello_world_small.o
 .debug_abbrev  0x0000000000000081       0xd8 ../CollendaProgram_bsp//libhal_bsp.a(alt_load.o)
 .debug_abbrev  0x0000000000000159       0xee ../CollendaProgram_bsp//libhal_bsp.a(alt_main.o)
 .debug_abbrev  0x0000000000000247      0x107 ../CollendaProgram_bsp//libhal_bsp.a(alt_sys_init.o)
 .debug_abbrev  0x000000000000034e       0x42 ../CollendaProgram_bsp//libhal_bsp.a(alt_dcache_flush_all.o)
 .debug_abbrev  0x0000000000000390       0x42 ../CollendaProgram_bsp//libhal_bsp.a(alt_icache_flush_all.o)
 .debug_abbrev  0x00000000000003d2       0x42 ../CollendaProgram_bsp//libhal_bsp.a(altera_nios2_gen2_irq.o)

.debug_line     0x0000000000000000      0x480
 *(.debug_line)
 .debug_line    0x0000000000000000       0x66 ../CollendaProgram_bsp//obj/HAL/src/crt0.o
 .debug_line    0x0000000000000066       0xcc obj/default/hello_world_small.o
 .debug_line    0x0000000000000132       0xa4 ../CollendaProgram_bsp//libhal_bsp.a(alt_load.o)
 .debug_line    0x00000000000001d6       0xbd ../CollendaProgram_bsp//libhal_bsp.a(alt_main.o)
 .debug_line    0x0000000000000293      0x101 ../CollendaProgram_bsp//libhal_bsp.a(alt_sys_init.o)
 .debug_line    0x0000000000000394       0x4e ../CollendaProgram_bsp//libhal_bsp.a(alt_dcache_flush_all.o)
 .debug_line    0x00000000000003e2       0x4e ../CollendaProgram_bsp//libhal_bsp.a(alt_icache_flush_all.o)
 .debug_line    0x0000000000000430       0x50 ../CollendaProgram_bsp//libhal_bsp.a(altera_nios2_gen2_irq.o)

.debug_frame    0x0000000000000000      0x128
 *(.debug_frame)
 .debug_frame   0x0000000000000000       0x30 obj/default/hello_world_small.o
 .debug_frame   0x0000000000000030       0x30 ../CollendaProgram_bsp//libhal_bsp.a(alt_load.o)
 .debug_frame   0x0000000000000060       0x2c ../CollendaProgram_bsp//libhal_bsp.a(alt_main.o)
 .debug_frame   0x000000000000008c       0x3c ../CollendaProgram_bsp//libhal_bsp.a(alt_sys_init.o)
 .debug_frame   0x00000000000000c8       0x20 ../CollendaProgram_bsp//libhal_bsp.a(alt_dcache_flush_all.o)
 .debug_frame   0x00000000000000e8       0x20 ../CollendaProgram_bsp//libhal_bsp.a(alt_icache_flush_all.o)
 .debug_frame   0x0000000000000108       0x20 ../CollendaProgram_bsp//libhal_bsp.a(altera_nios2_gen2_irq.o)

.debug_str      0x0000000000000000      0x487
 *(.debug_str)
 .debug_str     0x0000000000000000      0x18c obj/default/hello_world_small.o
                                        0x1ca (size before relaxing)
 .debug_str     0x000000000000018c      0x15c ../CollendaProgram_bsp//libhal_bsp.a(alt_load.o)
                                        0x243 (size before relaxing)
 .debug_str     0x00000000000002e8       0x8f ../CollendaProgram_bsp//libhal_bsp.a(alt_main.o)
                                        0x1bc (size before relaxing)
 .debug_str     0x0000000000000377       0xb2 ../CollendaProgram_bsp//libhal_bsp.a(alt_sys_init.o)
                                        0x22d (size before relaxing)
 .debug_str     0x0000000000000429       0x1f ../CollendaProgram_bsp//libhal_bsp.a(alt_dcache_flush_all.o)
                                        0x15c (size before relaxing)
 .debug_str     0x0000000000000448       0x1f ../CollendaProgram_bsp//libhal_bsp.a(alt_icache_flush_all.o)
                                        0x15c (size before relaxing)
 .debug_str     0x0000000000000467       0x20 ../CollendaProgram_bsp//libhal_bsp.a(altera_nios2_gen2_irq.o)
                                        0x163 (size before relaxing)

.debug_loc      0x0000000000000000      0x101
 *(.debug_loc)
 .debug_loc     0x0000000000000000       0xe0 obj/default/hello_world_small.o
 .debug_loc     0x00000000000000e0       0x21 ../CollendaProgram_bsp//libhal_bsp.a(alt_sys_init.o)

.debug_macinfo
 *(.debug_macinfo)

.debug_weaknames
 *(.debug_weaknames)

.debug_funcnames
 *(.debug_funcnames)

.debug_typenames
 *(.debug_typenames)

.debug_varnames
 *(.debug_varnames)

.debug_alt_sim_info
                0x0000000000000000       0x10
 *(.debug_alt_sim_info)
 .debug_alt_sim_info
                0x0000000000000000       0x10 ../CollendaProgram_bsp//obj/HAL/src/crt0.o
                0x000000000000f530                __alt_data_end = 0xf530
                0x000000000000f530                PROVIDE (__alt_stack_pointer, __alt_data_end)
                [!provide]                        PROVIDE (__alt_stack_limit, __alt_stack_base)
                [!provide]                        PROVIDE (__alt_heap_start, end)
                [!provide]                        PROVIDE (__alt_heap_limit, 0xf530)
OUTPUT(CollendaProgram.elf elf32-littlenios2)

.debug_ranges   0x0000000000000000       0x78
 .debug_ranges  0x0000000000000000       0x20 ../CollendaProgram_bsp//obj/HAL/src/crt0.o
 .debug_ranges  0x0000000000000020       0x10 obj/default/hello_world_small.o
 .debug_ranges  0x0000000000000030       0x48 ../CollendaProgram_bsp//libhal_bsp.a(alt_load.o)
