------------------------------------------------------------
Timing Analyzer Summary
------------------------------------------------------------

Type  : Slow 1200mV 85C Model Setup 'inst1|clock_pll_inst|altpll_component|auto_generated|pll1|clk[0]'
Slack : -4.399
TNS   : -21.083

Type  : Slow 1200mV 85C Model Setup 'clk_en'
Slack : -1.919
TNS   : -3.348

Type  : Slow 1200mV 85C Model Setup 'inst1|clock_pll_inst|altpll_component|auto_generated|pll1|clk[1]'
Slack : 0.361
TNS   : 0.000

Type  : Slow 1200mV 85C Model Hold 'inst1|clock_pll_inst|altpll_component|auto_generated|pll1|clk[0]'
Slack : 0.356
TNS   : 0.000

Type  : Slow 1200mV 85C Model Hold 'inst1|clock_pll_inst|altpll_component|auto_generated|pll1|clk[1]'
Slack : 0.358
TNS   : 0.000

Type  : Slow 1200mV 85C Model Hold 'clk_en'
Slack : 1.249
TNS   : 0.000

Type  : Slow 1200mV 85C Model Minimum Pulse Width 'clk_en'
Slack : -3.000
TNS   : -5.000

Type  : Slow 1200mV 85C Model Minimum Pulse Width 'inst1|clock_pll_inst|altpll_component|auto_generated|pll1|clk[0]'
Slack : 4.740
TNS   : 0.000

Type  : Slow 1200mV 85C Model Minimum Pulse Width 'clk_FPGA'
Slack : 9.835
TNS   : 0.000

Type  : Slow 1200mV 85C Model Minimum Pulse Width 'inst1|clock_pll_inst|altpll_component|auto_generated|pll1|clk[1]'
Slack : 19.747
TNS   : 0.000

Type  : Slow 1200mV 0C Model Setup 'inst1|clock_pll_inst|altpll_component|auto_generated|pll1|clk[0]'
Slack : -3.870
TNS   : -18.479

Type  : Slow 1200mV 0C Model Setup 'clk_en'
Slack : -1.693
TNS   : -3.052

Type  : Slow 1200mV 0C Model Setup 'inst1|clock_pll_inst|altpll_component|auto_generated|pll1|clk[1]'
Slack : 0.875
TNS   : 0.000

Type  : Slow 1200mV 0C Model Hold 'inst1|clock_pll_inst|altpll_component|auto_generated|pll1|clk[0]'
Slack : 0.312
TNS   : 0.000

Type  : Slow 1200mV 0C Model Hold 'inst1|clock_pll_inst|altpll_component|auto_generated|pll1|clk[1]'
Slack : 0.312
TNS   : 0.000

Type  : Slow 1200mV 0C Model Hold 'clk_en'
Slack : 1.227
TNS   : 0.000

Type  : Slow 1200mV 0C Model Minimum Pulse Width 'clk_en'
Slack : -3.000
TNS   : -5.000

Type  : Slow 1200mV 0C Model Minimum Pulse Width 'inst1|clock_pll_inst|altpll_component|auto_generated|pll1|clk[0]'
Slack : 4.742
TNS   : 0.000

Type  : Slow 1200mV 0C Model Minimum Pulse Width 'clk_FPGA'
Slack : 9.818
TNS   : 0.000

Type  : Slow 1200mV 0C Model Minimum Pulse Width 'inst1|clock_pll_inst|altpll_component|auto_generated|pll1|clk[1]'
Slack : 19.743
TNS   : 0.000

Type  : Fast 1200mV 0C Model Setup 'inst1|clock_pll_inst|altpll_component|auto_generated|pll1|clk[0]'
Slack : -2.636
TNS   : -12.689

Type  : Fast 1200mV 0C Model Setup 'clk_en'
Slack : -0.886
TNS   : -1.338

Type  : Fast 1200mV 0C Model Setup 'inst1|clock_pll_inst|altpll_component|auto_generated|pll1|clk[1]'
Slack : 2.382
TNS   : 0.000

Type  : Fast 1200mV 0C Model Hold 'inst1|clock_pll_inst|altpll_component|auto_generated|pll1|clk[0]'
Slack : 0.185
TNS   : 0.000

Type  : Fast 1200mV 0C Model Hold 'inst1|clock_pll_inst|altpll_component|auto_generated|pll1|clk[1]'
Slack : 0.185
TNS   : 0.000

Type  : Fast 1200mV 0C Model Hold 'clk_en'
Slack : 0.635
TNS   : 0.000

Type  : Fast 1200mV 0C Model Minimum Pulse Width 'clk_en'
Slack : -3.000
TNS   : -5.288

Type  : Fast 1200mV 0C Model Minimum Pulse Width 'inst1|clock_pll_inst|altpll_component|auto_generated|pll1|clk[0]'
Slack : 4.746
TNS   : 0.000

Type  : Fast 1200mV 0C Model Minimum Pulse Width 'clk_FPGA'
Slack : 9.587
TNS   : 0.000

Type  : Fast 1200mV 0C Model Minimum Pulse Width 'inst1|clock_pll_inst|altpll_component|auto_generated|pll1|clk[1]'
Slack : 19.756
TNS   : 0.000

------------------------------------------------------------
