------------------------------------------------------------
Timing Analyzer Summary
------------------------------------------------------------

Type  : Slow 1200mV 85C Model Setup 'clock_pll_inst|altpll_component|auto_generated|pll1|clk[1]'
Slack : 0.249
TNS   : 0.000

Type  : Slow 1200mV 85C Model Setup 'clock_pll_inst|altpll_component|auto_generated|pll1|clk[0]'
Slack : 0.538
TNS   : 0.000

Type  : Slow 1200mV 85C Model Hold 'clock_pll_inst|altpll_component|auto_generated|pll1|clk[0]'
Slack : 0.356
TNS   : 0.000

Type  : Slow 1200mV 85C Model Hold 'clock_pll_inst|altpll_component|auto_generated|pll1|clk[1]'
Slack : 0.358
TNS   : 0.000

Type  : Slow 1200mV 85C Model Minimum Pulse Width 'clock_pll_inst|altpll_component|auto_generated|pll1|clk[0]'
Slack : 4.738
TNS   : 0.000

Type  : Slow 1200mV 85C Model Minimum Pulse Width 'clk_FPGA'
Slack : 9.834
TNS   : 0.000

Type  : Slow 1200mV 85C Model Minimum Pulse Width 'clock_pll_inst|altpll_component|auto_generated|pll1|clk[1]'
Slack : 19.752
TNS   : 0.000

Type  : Slow 1200mV 0C Model Setup 'clock_pll_inst|altpll_component|auto_generated|pll1|clk[1]'
Slack : 0.761
TNS   : 0.000

Type  : Slow 1200mV 0C Model Setup 'clock_pll_inst|altpll_component|auto_generated|pll1|clk[0]'
Slack : 1.205
TNS   : 0.000

Type  : Slow 1200mV 0C Model Hold 'clock_pll_inst|altpll_component|auto_generated|pll1|clk[0]'
Slack : 0.312
TNS   : 0.000

Type  : Slow 1200mV 0C Model Hold 'clock_pll_inst|altpll_component|auto_generated|pll1|clk[1]'
Slack : 0.312
TNS   : 0.000

Type  : Slow 1200mV 0C Model Minimum Pulse Width 'clock_pll_inst|altpll_component|auto_generated|pll1|clk[0]'
Slack : 4.745
TNS   : 0.000

Type  : Slow 1200mV 0C Model Minimum Pulse Width 'clk_FPGA'
Slack : 9.817
TNS   : 0.000

Type  : Slow 1200mV 0C Model Minimum Pulse Width 'clock_pll_inst|altpll_component|auto_generated|pll1|clk[1]'
Slack : 19.747
TNS   : 0.000

Type  : Fast 1200mV 0C Model Setup 'clock_pll_inst|altpll_component|auto_generated|pll1|clk[1]'
Slack : 2.347
TNS   : 0.000

Type  : Fast 1200mV 0C Model Setup 'clock_pll_inst|altpll_component|auto_generated|pll1|clk[0]'
Slack : 2.517
TNS   : 0.000

Type  : Fast 1200mV 0C Model Hold 'clock_pll_inst|altpll_component|auto_generated|pll1|clk[0]'
Slack : 0.185
TNS   : 0.000

Type  : Fast 1200mV 0C Model Hold 'clock_pll_inst|altpll_component|auto_generated|pll1|clk[1]'
Slack : 0.186
TNS   : 0.000

Type  : Fast 1200mV 0C Model Minimum Pulse Width 'clock_pll_inst|altpll_component|auto_generated|pll1|clk[0]'
Slack : 4.750
TNS   : 0.000

Type  : Fast 1200mV 0C Model Minimum Pulse Width 'clk_FPGA'
Slack : 9.584
TNS   : 0.000

Type  : Fast 1200mV 0C Model Minimum Pulse Width 'clock_pll_inst|altpll_component|auto_generated|pll1|clk[1]'
Slack : 19.771
TNS   : 0.000

------------------------------------------------------------
