Archive member included to satisfy reference by file (symbol)

../CollendaCode_bsp//libhal_bsp.a(alt_load.o)
                              ../CollendaCode_bsp//obj/HAL/src/crt0.o (alt_load)
../CollendaCode_bsp//libhal_bsp.a(alt_main.o)
                              ../CollendaCode_bsp//obj/HAL/src/crt0.o (alt_main)
../CollendaCode_bsp//libhal_bsp.a(alt_putstr.o)
                              obj/default/hello_world_small.o (alt_putstr)
../CollendaCode_bsp//libhal_bsp.a(alt_usleep.o)
                              obj/default/hello_world_small.o (usleep)
../CollendaCode_bsp//libhal_bsp.a(alt_sys_init.o)
                              ../CollendaCode_bsp//libhal_bsp.a(alt_main.o) (alt_irq_init)
../CollendaCode_bsp//libhal_bsp.a(altera_avalon_jtag_uart_write.o)
                              ../CollendaCode_bsp//libhal_bsp.a(alt_putstr.o) (altera_avalon_jtag_uart_write)
../CollendaCode_bsp//libhal_bsp.a(alt_busy_sleep.o)
                              ../CollendaCode_bsp//libhal_bsp.a(alt_usleep.o) (alt_busy_sleep)
../CollendaCode_bsp//libhal_bsp.a(alt_dcache_flush_all.o)
                              ../CollendaCode_bsp//libhal_bsp.a(alt_load.o) (alt_dcache_flush_all)
../CollendaCode_bsp//libhal_bsp.a(alt_icache_flush_all.o)
                              ../CollendaCode_bsp//libhal_bsp.a(alt_load.o) (alt_icache_flush_all)
../CollendaCode_bsp//libhal_bsp.a(altera_nios2_gen2_irq.o)
                              ../CollendaCode_bsp//libhal_bsp.a(alt_sys_init.o) (altera_nios2_gen2_irq_init)
/opt/intelFPGA_lite/18.1/nios2eds/bin/gnu/H-x86_64-pc-linux-gnu/bin/../lib/gcc/nios2-elf/5.3.0/../../../../../H-x86_64-pc-linux-gnu/nios2-elf/lib/mno-hw-mul/libsmallc.a(lib_a-strlen.o)
                              ../CollendaCode_bsp//libhal_bsp.a(alt_putstr.o) (strlen)
/opt/intelFPGA_lite/18.1/nios2eds/bin/gnu/H-x86_64-pc-linux-gnu/bin/../lib/gcc/nios2-elf/5.3.0/mno-hw-mul/libgcc.a(lib2-divmod.o)
                              ../CollendaCode_bsp//libhal_bsp.a(alt_busy_sleep.o) (__udivsi3)
/opt/intelFPGA_lite/18.1/nios2eds/bin/gnu/H-x86_64-pc-linux-gnu/bin/../lib/gcc/nios2-elf/5.3.0/mno-hw-mul/libgcc.a(lib2-mul.o)
                              ../CollendaCode_bsp//libhal_bsp.a(alt_busy_sleep.o) (__mulsi3)

Memory Configuration

Name             Origin             Length             Attributes
reset            0x0000000000008000 0x0000000000000020
onchip_memory2_0 0x0000000000008020 0x0000000000005300
*default*        0x0000000000000000 0xffffffffffffffff

Linker script and memory map

LOAD ../CollendaCode_bsp//obj/HAL/src/crt0.o
LOAD obj/default/hello_world_small.o
LOAD /opt/intelFPGA_lite/18.1/nios2eds/bin/gnu/H-x86_64-pc-linux-gnu/bin/../lib/gcc/nios2-elf/5.3.0/../../../../../H-x86_64-pc-linux-gnu/nios2-elf/lib/mno-hw-mul/libstdc++.a
LOAD /opt/intelFPGA_lite/18.1/nios2eds/bin/gnu/H-x86_64-pc-linux-gnu/bin/../lib/gcc/nios2-elf/5.3.0/../../../../../H-x86_64-pc-linux-gnu/nios2-elf/lib/mno-hw-mul/libm.a
LOAD /opt/intelFPGA_lite/18.1/nios2eds/bin/gnu/H-x86_64-pc-linux-gnu/bin/../lib/gcc/nios2-elf/5.3.0/mno-hw-mul/libgcc.a
START GROUP
LOAD /opt/intelFPGA_lite/18.1/nios2eds/bin/gnu/H-x86_64-pc-linux-gnu/bin/../lib/gcc/nios2-elf/5.3.0/../../../../../H-x86_64-pc-linux-gnu/nios2-elf/lib/mno-hw-mul/libsmallc.a
LOAD /opt/intelFPGA_lite/18.1/nios2eds/bin/gnu/H-x86_64-pc-linux-gnu/bin/../lib/gcc/nios2-elf/5.3.0/mno-hw-mul/libgcc.a
LOAD ../CollendaCode_bsp//libhal_bsp.a
LOAD /opt/intelFPGA_lite/18.1/nios2eds/bin/gnu/H-x86_64-pc-linux-gnu/bin/../lib/gcc/nios2-elf/5.3.0/../../../../../H-x86_64-pc-linux-gnu/nios2-elf/lib/mno-hw-mul/libm.a
END GROUP
LOAD /opt/intelFPGA_lite/18.1/nios2eds/bin/gnu/H-x86_64-pc-linux-gnu/bin/../lib/gcc/nios2-elf/5.3.0/mno-hw-mul/libgcc.a
                0x0000000000008000                __alt_mem_onchip_memory2_0 = 0x8000

.entry          0x0000000000008000       0x20
 *(.entry)
 .entry         0x0000000000008000       0x20 ../CollendaCode_bsp//obj/HAL/src/crt0.o
                0x0000000000008000                __reset
                0x000000000000800c                _exit

.exceptions     0x0000000000008020        0x0
                0x0000000000008020                PROVIDE (__ram_exceptions_start, ABSOLUTE (.))
                0x0000000000008020                . = ALIGN (0x20)
 *(.irq)
 *(.exceptions.entry.label)
 *(.exceptions.entry.user)
 *(.exceptions.entry.ecc_fatal)
 *(.exceptions.entry)
 *(.exceptions.irqtest.user)
 *(.exceptions.irqtest)
 *(.exceptions.irqhandler.user)
 *(.exceptions.irqhandler)
 *(.exceptions.irqreturn.user)
 *(.exceptions.irqreturn)
 *(.exceptions.notirq.label)
 *(.exceptions.notirq.user)
 *(.exceptions.notirq)
 *(.exceptions.soft.user)
 *(.exceptions.soft)
 *(.exceptions.unknown.user)
 *(.exceptions.unknown)
 *(.exceptions.exit.label)
 *(.exceptions.exit.user)
 *(.exceptions.exit)
 *(.exceptions)
                0x0000000000008020                PROVIDE (__ram_exceptions_end, ABSOLUTE (.))
                0x0000000000008020                PROVIDE (__flash_exceptions_start, LOADADDR (.exceptions))

.text           0x0000000000008020      0x560
                [!provide]                        PROVIDE (stext, ABSOLUTE (.))
 *(.interp)
 *(.hash)
 *(.dynsym)
 *(.dynstr)
 *(.gnu.version)
 *(.gnu.version_d)
 *(.gnu.version_r)
 *(.rel.init)
 *(.rela.init)
 *(.rel.text .rel.text.* .rel.gnu.linkonce.t.*)
 *(.rela.text .rela.text.* .rela.gnu.linkonce.t.*)
 *(.rel.fini)
 *(.rela.fini)
 *(.rel.rodata .rel.rodata.* .rel.gnu.linkonce.r.*)
 *(.rela.rodata .rela.rodata.* .rela.gnu.linkonce.r.*)
 *(.rel.data .rel.data.* .rel.gnu.linkonce.d.*)
 *(.rela.data .rela.data.* .rela.gnu.linkonce.d.*)
 *(.rel.tdata .rel.tdata.* .rel.gnu.linkonce.td.*)
 *(.rela.tdata .rela.tdata.* .rela.gnu.linkonce.td.*)
 *(.rel.tbss .rel.tbss.* .rel.gnu.linkonce.tb.*)
 *(.rela.tbss .rela.tbss.* .rela.gnu.linkonce.tb.*)
 *(.rel.ctors)
 *(.rela.ctors)
 *(.rel.dtors)
 *(.rela.dtors)
 *(.rel.got)
 *(.rela.got)
 *(.rel.sdata .rel.sdata.* .rel.gnu.linkonce.s.*)
 *(.rela.sdata .rela.sdata.* .rela.gnu.linkonce.s.*)
 *(.rel.sbss .rel.sbss.* .rel.gnu.linkonce.sb.*)
 *(.rela.sbss .rela.sbss.* .rela.gnu.linkonce.sb.*)
 *(.rel.sdata2 .rel.sdata2.* .rel.gnu.linkonce.s2.*)
 *(.rela.sdata2 .rela.sdata2.* .rela.gnu.linkonce.s2.*)
 *(.rel.sbss2 .rel.sbss2.* .rel.gnu.linkonce.sb2.*)
 *(.rela.sbss2 .rela.sbss2.* .rela.gnu.linkonce.sb2.*)
 *(.rel.bss .rel.bss.* .rel.gnu.linkonce.b.*)
 *(.rela.bss .rela.bss.* .rela.gnu.linkonce.b.*)
 *(.rel.plt)
 *(.rela.plt)
 *(.rel.dyn)
 *(.init)
 *(.plt)
 *(.text .stub .text.* .gnu.linkonce.t.*)
 .text          0x0000000000008020       0x3c ../CollendaCode_bsp//obj/HAL/src/crt0.o
                0x0000000000008020                _start
 .text          0x000000000000805c        0x0 obj/default/hello_world_small.o
 .text.startup  0x000000000000805c       0xf4 obj/default/hello_world_small.o
                0x000000000000805c                main
 .text          0x0000000000008150       0xe0 ../CollendaCode_bsp//libhal_bsp.a(alt_load.o)
                0x0000000000008150                alt_load
 .text          0x0000000000008230       0x2c ../CollendaCode_bsp//libhal_bsp.a(alt_main.o)
                0x0000000000008230                alt_main
 .text          0x000000000000825c       0x38 ../CollendaCode_bsp//libhal_bsp.a(alt_putstr.o)
                0x000000000000825c                alt_putstr
 .text          0x0000000000008294        0x4 ../CollendaCode_bsp//libhal_bsp.a(alt_usleep.o)
                0x0000000000008294                usleep
 .text          0x0000000000008298       0x24 ../CollendaCode_bsp//libhal_bsp.a(alt_sys_init.o)
                0x0000000000008298                alt_irq_init
                0x00000000000082b8                alt_sys_init
 .text          0x00000000000082bc       0x34 ../CollendaCode_bsp//libhal_bsp.a(altera_avalon_jtag_uart_write.o)
                0x00000000000082bc                altera_avalon_jtag_uart_write
 .text          0x00000000000082f0       0x88 ../CollendaCode_bsp//libhal_bsp.a(alt_busy_sleep.o)
                0x00000000000082f0                alt_busy_sleep
 .text          0x0000000000008378        0x4 ../CollendaCode_bsp//libhal_bsp.a(alt_dcache_flush_all.o)
                0x0000000000008378                alt_dcache_flush_all
 .text          0x000000000000837c        0x4 ../CollendaCode_bsp//libhal_bsp.a(alt_icache_flush_all.o)
                0x000000000000837c                alt_icache_flush_all
 .text          0x0000000000008380        0x8 ../CollendaCode_bsp//libhal_bsp.a(altera_nios2_gen2_irq.o)
                0x0000000000008380                altera_nios2_gen2_irq_init
 .text          0x0000000000008388        0x0 /opt/intelFPGA_lite/18.1/nios2eds/bin/gnu/H-x86_64-pc-linux-gnu/bin/../lib/gcc/nios2-elf/5.3.0/../../../../../H-x86_64-pc-linux-gnu/nios2-elf/lib/mno-hw-mul/libsmallc.a(lib_a-strlen.o)
 .text.strlen   0x0000000000008388       0x1c /opt/intelFPGA_lite/18.1/nios2eds/bin/gnu/H-x86_64-pc-linux-gnu/bin/../lib/gcc/nios2-elf/5.3.0/../../../../../H-x86_64-pc-linux-gnu/nios2-elf/lib/mno-hw-mul/libsmallc.a(lib_a-strlen.o)
                0x0000000000008388                strlen
 .text          0x00000000000083a4      0x1b4 /opt/intelFPGA_lite/18.1/nios2eds/bin/gnu/H-x86_64-pc-linux-gnu/bin/../lib/gcc/nios2-elf/5.3.0/mno-hw-mul/libgcc.a(lib2-divmod.o)
                0x00000000000083a4                __divsi3
                0x0000000000008428                __modsi3
                0x000000000000849c                __udivsi3
                0x0000000000008500                __umodsi3
 .text          0x0000000000008558       0x28 /opt/intelFPGA_lite/18.1/nios2eds/bin/gnu/H-x86_64-pc-linux-gnu/bin/../lib/gcc/nios2-elf/5.3.0/mno-hw-mul/libgcc.a(lib2-mul.o)
                0x0000000000008558                __mulsi3
 *(.gnu.warning.*)
 *(.fini)
                [!provide]                        PROVIDE (__etext, ABSOLUTE (.))
                [!provide]                        PROVIDE (_etext, ABSOLUTE (.))
                [!provide]                        PROVIDE (etext, ABSOLUTE (.))
 *(.eh_frame_hdr)
                0x0000000000008580                . = ALIGN (0x4)
                [!provide]                        PROVIDE (__preinit_array_start, ABSOLUTE (.))
 *(.preinit_array)
                [!provide]                        PROVIDE (__preinit_array_end, ABSOLUTE (.))
                [!provide]                        PROVIDE (__init_array_start, ABSOLUTE (.))
 *(.init_array)
                [!provide]                        PROVIDE (__init_array_end, ABSOLUTE (.))
                [!provide]                        PROVIDE (__fini_array_start, ABSOLUTE (.))
 *(.fini_array)
                [!provide]                        PROVIDE (__fini_array_end, ABSOLUTE (.))
 *(.eh_frame)
 *(.gcc_except_table .gcc_except_table.*)
 *(.dynamic)
                [!provide]                        PROVIDE (__CTOR_LIST__, ABSOLUTE (.))
 *(.ctors)
 *(SORT(.ctors.*))
                [!provide]                        PROVIDE (__CTOR_END__, ABSOLUTE (.))
                [!provide]                        PROVIDE (__DTOR_LIST__, ABSOLUTE (.))
 *(.dtors)
 *(SORT(.dtors.*))
                [!provide]                        PROVIDE (__DTOR_END__, ABSOLUTE (.))
 *(.jcr)
                0x0000000000008580                . = ALIGN (0x4)

.rodata         0x0000000000008580       0x10
                0x0000000000008580                PROVIDE (__ram_rodata_start, ABSOLUTE (.))
                0x0000000000008580                . = ALIGN (0x4)
 *(.rodata .rodata.* .gnu.linkonce.r.*)
 .rodata.str1.4
                0x0000000000008580       0x10 obj/default/hello_world_small.o
                                          0xf (size before relaxing)
 *(.rodata1)
                0x0000000000008590                . = ALIGN (0x4)
                0x0000000000008590                PROVIDE (__ram_rodata_end, ABSOLUTE (.))
                0x0000000000008580                PROVIDE (__flash_rodata_start, LOADADDR (.rodata))

.rwdata         0x0000000000008590        0x4 load address 0x0000000000008594
                0x0000000000008590                PROVIDE (__ram_rwdata_start, ABSOLUTE (.))
                0x0000000000008590                . = ALIGN (0x4)
 *(.got.plt)
 *(.got)
 *(.data1)
 *(.data .data.* .gnu.linkonce.d.*)
 .data          0x0000000000008590        0x0 ../CollendaCode_bsp//obj/HAL/src/crt0.o
 .data          0x0000000000008590        0x0 obj/default/hello_world_small.o
 .data          0x0000000000008590        0x0 ../CollendaCode_bsp//libhal_bsp.a(alt_load.o)
 .data          0x0000000000008590        0x0 ../CollendaCode_bsp//libhal_bsp.a(alt_main.o)
 .data          0x0000000000008590        0x0 ../CollendaCode_bsp//libhal_bsp.a(alt_putstr.o)
 .data          0x0000000000008590        0x0 ../CollendaCode_bsp//libhal_bsp.a(alt_usleep.o)
 .data          0x0000000000008590        0x0 ../CollendaCode_bsp//libhal_bsp.a(alt_sys_init.o)
 .data          0x0000000000008590        0x0 ../CollendaCode_bsp//libhal_bsp.a(altera_avalon_jtag_uart_write.o)
 .data          0x0000000000008590        0x0 ../CollendaCode_bsp//libhal_bsp.a(alt_busy_sleep.o)
 .data          0x0000000000008590        0x0 ../CollendaCode_bsp//libhal_bsp.a(alt_dcache_flush_all.o)
 .data          0x0000000000008590        0x0 ../CollendaCode_bsp//libhal_bsp.a(alt_icache_flush_all.o)
 .data          0x0000000000008590        0x0 ../CollendaCode_bsp//libhal_bsp.a(altera_nios2_gen2_irq.o)
 .data          0x0000000000008590        0x0 /opt/intelFPGA_lite/18.1/nios2eds/bin/gnu/H-x86_64-pc-linux-gnu/bin/../lib/gcc/nios2-elf/5.3.0/../../../../../H-x86_64-pc-linux-gnu/nios2-elf/lib/mno-hw-mul/libsmallc.a(lib_a-strlen.o)
 .data          0x0000000000008590        0x0 /opt/intelFPGA_lite/18.1/nios2eds/bin/gnu/H-x86_64-pc-linux-gnu/bin/../lib/gcc/nios2-elf/5.3.0/mno-hw-mul/libgcc.a(lib2-divmod.o)
 .data          0x0000000000008590        0x0 /opt/intelFPGA_lite/18.1/nios2eds/bin/gnu/H-x86_64-pc-linux-gnu/bin/../lib/gcc/nios2-elf/5.3.0/mno-hw-mul/libgcc.a(lib2-mul.o)
                0x0000000000010590                _gp = ABSOLUTE ((. + 0x8000))
                [!provide]                        PROVIDE (gp, _gp)
 *(.rwdata .rwdata.*)
 *(.sdata .sdata.* .gnu.linkonce.s.*)
 .sdata         0x0000000000008590        0x4 ../CollendaCode_bsp//libhal_bsp.a(alt_sys_init.o)
                0x0000000000008590                jtag_uart_0
 *(.sdata2 .sdata2.* .gnu.linkonce.s2.*)
                0x0000000000008594                . = ALIGN (0x4)
                0x0000000000008594                _edata = ABSOLUTE (.)
                [!provide]                        PROVIDE (edata, ABSOLUTE (.))
                0x0000000000008594                PROVIDE (__ram_rwdata_end, ABSOLUTE (.))
                0x0000000000008594                PROVIDE (__flash_rwdata_start, LOADADDR (.rwdata))

.bss            0x0000000000008598        0xc
                0x0000000000008598                __bss_start = ABSOLUTE (.)
                [!provide]                        PROVIDE (__sbss_start, ABSOLUTE (.))
                [!provide]                        PROVIDE (___sbss_start, ABSOLUTE (.))
 *(.dynsbss)
 *(.sbss .sbss.* .gnu.linkonce.sb.*)
 .sbss          0x0000000000008598        0xc ../CollendaCode_bsp//libhal_bsp.a(alt_main.o)
                0x0000000000008598                alt_envp
                0x000000000000859c                alt_argv
                0x00000000000085a0                alt_argc
 *(.sbss2 .sbss2.* .gnu.linkonce.sb2.*)
 *(.scommon)
                [!provide]                        PROVIDE (__sbss_end, ABSOLUTE (.))
                [!provide]                        PROVIDE (___sbss_end, ABSOLUTE (.))
 *(.dynbss)
 *(.bss .bss.* .gnu.linkonce.b.*)
 .bss           0x00000000000085a4        0x0 ../CollendaCode_bsp//obj/HAL/src/crt0.o
 .bss           0x00000000000085a4        0x0 obj/default/hello_world_small.o
 .bss           0x00000000000085a4        0x0 ../CollendaCode_bsp//libhal_bsp.a(alt_load.o)
 .bss           0x00000000000085a4        0x0 ../CollendaCode_bsp//libhal_bsp.a(alt_main.o)
 .bss           0x00000000000085a4        0x0 ../CollendaCode_bsp//libhal_bsp.a(alt_putstr.o)
 .bss           0x00000000000085a4        0x0 ../CollendaCode_bsp//libhal_bsp.a(alt_usleep.o)
 .bss           0x00000000000085a4        0x0 ../CollendaCode_bsp//libhal_bsp.a(alt_sys_init.o)
 .bss           0x00000000000085a4        0x0 ../CollendaCode_bsp//libhal_bsp.a(altera_avalon_jtag_uart_write.o)
 .bss           0x00000000000085a4        0x0 ../CollendaCode_bsp//libhal_bsp.a(alt_busy_sleep.o)
 .bss           0x00000000000085a4        0x0 ../CollendaCode_bsp//libhal_bsp.a(alt_dcache_flush_all.o)
 .bss           0x00000000000085a4        0x0 ../CollendaCode_bsp//libhal_bsp.a(alt_icache_flush_all.o)
 .bss           0x00000000000085a4        0x0 ../CollendaCode_bsp//libhal_bsp.a(altera_nios2_gen2_irq.o)
 .bss           0x00000000000085a4        0x0 /opt/intelFPGA_lite/18.1/nios2eds/bin/gnu/H-x86_64-pc-linux-gnu/bin/../lib/gcc/nios2-elf/5.3.0/../../../../../H-x86_64-pc-linux-gnu/nios2-elf/lib/mno-hw-mul/libsmallc.a(lib_a-strlen.o)
 .bss           0x00000000000085a4        0x0 /opt/intelFPGA_lite/18.1/nios2eds/bin/gnu/H-x86_64-pc-linux-gnu/bin/../lib/gcc/nios2-elf/5.3.0/mno-hw-mul/libgcc.a(lib2-divmod.o)
 .bss           0x00000000000085a4        0x0 /opt/intelFPGA_lite/18.1/nios2eds/bin/gnu/H-x86_64-pc-linux-gnu/bin/../lib/gcc/nios2-elf/5.3.0/mno-hw-mul/libgcc.a(lib2-mul.o)
 *(COMMON)
                0x00000000000085a4                . = ALIGN (0x4)
                0x00000000000085a4                __bss_end = ABSOLUTE (.)

.onchip_memory2_0
                0x00000000000085a4        0x0
                [!provide]                        PROVIDE (_alt_partition_onchip_memory2_0_start, ABSOLUTE (.))
 *(.onchip_memory2_0 .onchip_memory2_0. onchip_memory2_0.*)
                0x00000000000085a4                . = ALIGN (0x4)
                [!provide]                        PROVIDE (_alt_partition_onchip_memory2_0_end, ABSOLUTE (.))
                0x00000000000085a4                _end = ABSOLUTE (.)
                0x00000000000085a4                end = ABSOLUTE (.)
                0x00000000000085a4                __alt_stack_base = ABSOLUTE (.)
                [!provide]                        PROVIDE (_alt_partition_onchip_memory2_0_load_addr, LOADADDR (.onchip_memory2_0))

.stab
 *(.stab)

.stabstr
 *(.stabstr)

.stab.excl
 *(.stab.excl)

.stab.exclstr
 *(.stab.exclstr)

.stab.index
 *(.stab.index)

.stab.indexstr
 *(.stab.indexstr)

.comment        0x0000000000000000       0x23
 *(.comment)
 .comment       0x0000000000000000       0x23 obj/default/hello_world_small.o
                                         0x24 (size before relaxing)
 .comment       0x0000000000000023       0x24 ../CollendaCode_bsp//libhal_bsp.a(alt_load.o)
 .comment       0x0000000000000023       0x24 ../CollendaCode_bsp//libhal_bsp.a(alt_main.o)
 .comment       0x0000000000000023       0x24 ../CollendaCode_bsp//libhal_bsp.a(alt_putstr.o)
 .comment       0x0000000000000023       0x24 ../CollendaCode_bsp//libhal_bsp.a(alt_usleep.o)
 .comment       0x0000000000000023       0x24 ../CollendaCode_bsp//libhal_bsp.a(alt_sys_init.o)
 .comment       0x0000000000000023       0x24 ../CollendaCode_bsp//libhal_bsp.a(altera_avalon_jtag_uart_write.o)
 .comment       0x0000000000000023       0x24 ../CollendaCode_bsp//libhal_bsp.a(alt_busy_sleep.o)
 .comment       0x0000000000000023       0x24 ../CollendaCode_bsp//libhal_bsp.a(alt_dcache_flush_all.o)
 .comment       0x0000000000000023       0x24 ../CollendaCode_bsp//libhal_bsp.a(alt_icache_flush_all.o)
 .comment       0x0000000000000023       0x24 ../CollendaCode_bsp//libhal_bsp.a(altera_nios2_gen2_irq.o)
 .comment       0x0000000000000023       0x24 /opt/intelFPGA_lite/18.1/nios2eds/bin/gnu/H-x86_64-pc-linux-gnu/bin/../lib/gcc/nios2-elf/5.3.0/../../../../../H-x86_64-pc-linux-gnu/nios2-elf/lib/mno-hw-mul/libsmallc.a(lib_a-strlen.o)
 .comment       0x0000000000000023       0x24 /opt/intelFPGA_lite/18.1/nios2eds/bin/gnu/H-x86_64-pc-linux-gnu/bin/../lib/gcc/nios2-elf/5.3.0/mno-hw-mul/libgcc.a(lib2-divmod.o)
 .comment       0x0000000000000023       0x24 /opt/intelFPGA_lite/18.1/nios2eds/bin/gnu/H-x86_64-pc-linux-gnu/bin/../lib/gcc/nios2-elf/5.3.0/mno-hw-mul/libgcc.a(lib2-mul.o)

.debug
 *(.debug)

.line
 *(.line)

.debug_srcinfo
 *(.debug_srcinfo)

.debug_sfnames
 *(.debug_sfnames)

.debug_aranges  0x0000000000000000      0x1e8
 *(.debug_aranges)
 .debug_aranges
                0x0000000000000000       0x28 ../CollendaCode_bsp//obj/HAL/src/crt0.o
 .debug_aranges
                0x0000000000000028       0x20 obj/default/hello_world_small.o
 .debug_aranges
                0x0000000000000048       0x20 ../CollendaCode_bsp//libhal_bsp.a(alt_load.o)
 .debug_aranges
                0x0000000000000068       0x20 ../CollendaCode_bsp//libhal_bsp.a(alt_main.o)
 .debug_aranges
                0x0000000000000088       0x20 ../CollendaCode_bsp//libhal_bsp.a(alt_putstr.o)
 .debug_aranges
                0x00000000000000a8       0x20 ../CollendaCode_bsp//libhal_bsp.a(alt_usleep.o)
 .debug_aranges
                0x00000000000000c8       0x20 ../CollendaCode_bsp//libhal_bsp.a(alt_sys_init.o)
 .debug_aranges
                0x00000000000000e8       0x20 ../CollendaCode_bsp//libhal_bsp.a(altera_avalon_jtag_uart_write.o)
 .debug_aranges
                0x0000000000000108       0x20 ../CollendaCode_bsp//libhal_bsp.a(alt_busy_sleep.o)
 .debug_aranges
                0x0000000000000128       0x20 ../CollendaCode_bsp//libhal_bsp.a(alt_dcache_flush_all.o)
 .debug_aranges
                0x0000000000000148       0x20 ../CollendaCode_bsp//libhal_bsp.a(alt_icache_flush_all.o)
 .debug_aranges
                0x0000000000000168       0x20 ../CollendaCode_bsp//libhal_bsp.a(altera_nios2_gen2_irq.o)
 .debug_aranges
                0x0000000000000188       0x20 /opt/intelFPGA_lite/18.1/nios2eds/bin/gnu/H-x86_64-pc-linux-gnu/bin/../lib/gcc/nios2-elf/5.3.0/../../../../../H-x86_64-pc-linux-gnu/nios2-elf/lib/mno-hw-mul/libsmallc.a(lib_a-strlen.o)
 .debug_aranges
                0x00000000000001a8       0x20 /opt/intelFPGA_lite/18.1/nios2eds/bin/gnu/H-x86_64-pc-linux-gnu/bin/../lib/gcc/nios2-elf/5.3.0/mno-hw-mul/libgcc.a(lib2-divmod.o)
 .debug_aranges
                0x00000000000001c8       0x20 /opt/intelFPGA_lite/18.1/nios2eds/bin/gnu/H-x86_64-pc-linux-gnu/bin/../lib/gcc/nios2-elf/5.3.0/mno-hw-mul/libgcc.a(lib2-mul.o)

.debug_pubnames
 *(.debug_pubnames)

.debug_info     0x0000000000000000     0x109f
 *(.debug_info .gnu.linkonce.wi.*)
 .debug_info    0x0000000000000000       0x82 ../CollendaCode_bsp//obj/HAL/src/crt0.o
 .debug_info    0x0000000000000082       0xf3 obj/default/hello_world_small.o
 .debug_info    0x0000000000000175      0x1c9 ../CollendaCode_bsp//libhal_bsp.a(alt_load.o)
 .debug_info    0x000000000000033e      0x169 ../CollendaCode_bsp//libhal_bsp.a(alt_main.o)
 .debug_info    0x00000000000004a7      0x13a ../CollendaCode_bsp//libhal_bsp.a(alt_putstr.o)
 .debug_info    0x00000000000005e1       0xd1 ../CollendaCode_bsp//libhal_bsp.a(alt_usleep.o)
 .debug_info    0x00000000000006b2      0x185 ../CollendaCode_bsp//libhal_bsp.a(alt_sys_init.o)
 .debug_info    0x0000000000000837      0x197 ../CollendaCode_bsp//libhal_bsp.a(altera_avalon_jtag_uart_write.o)
 .debug_info    0x00000000000009ce       0xd8 ../CollendaCode_bsp//libhal_bsp.a(alt_busy_sleep.o)
 .debug_info    0x0000000000000aa6       0x92 ../CollendaCode_bsp//libhal_bsp.a(alt_dcache_flush_all.o)
 .debug_info    0x0000000000000b38       0x92 ../CollendaCode_bsp//libhal_bsp.a(alt_icache_flush_all.o)
 .debug_info    0x0000000000000bca       0x92 ../CollendaCode_bsp//libhal_bsp.a(altera_nios2_gen2_irq.o)
 .debug_info    0x0000000000000c5c       0xc9 /opt/intelFPGA_lite/18.1/nios2eds/bin/gnu/H-x86_64-pc-linux-gnu/bin/../lib/gcc/nios2-elf/5.3.0/../../../../../H-x86_64-pc-linux-gnu/nios2-elf/lib/mno-hw-mul/libsmallc.a(lib_a-strlen.o)
 .debug_info    0x0000000000000d25      0x2c6 /opt/intelFPGA_lite/18.1/nios2eds/bin/gnu/H-x86_64-pc-linux-gnu/bin/../lib/gcc/nios2-elf/5.3.0/mno-hw-mul/libgcc.a(lib2-divmod.o)
 .debug_info    0x0000000000000feb       0xb4 /opt/intelFPGA_lite/18.1/nios2eds/bin/gnu/H-x86_64-pc-linux-gnu/bin/../lib/gcc/nios2-elf/5.3.0/mno-hw-mul/libgcc.a(lib2-mul.o)

.debug_abbrev   0x0000000000000000      0x8fb
 *(.debug_abbrev)
 .debug_abbrev  0x0000000000000000       0x12 ../CollendaCode_bsp//obj/HAL/src/crt0.o
 .debug_abbrev  0x0000000000000012       0x98 obj/default/hello_world_small.o
 .debug_abbrev  0x00000000000000aa       0xd8 ../CollendaCode_bsp//libhal_bsp.a(alt_load.o)
 .debug_abbrev  0x0000000000000182       0xee ../CollendaCode_bsp//libhal_bsp.a(alt_main.o)
 .debug_abbrev  0x0000000000000270       0xd3 ../CollendaCode_bsp//libhal_bsp.a(alt_putstr.o)
 .debug_abbrev  0x0000000000000343       0x8d ../CollendaCode_bsp//libhal_bsp.a(alt_usleep.o)
 .debug_abbrev  0x00000000000003d0      0x107 ../CollendaCode_bsp//libhal_bsp.a(alt_sys_init.o)
 .debug_abbrev  0x00000000000004d7       0xd5 ../CollendaCode_bsp//libhal_bsp.a(altera_avalon_jtag_uart_write.o)
 .debug_abbrev  0x00000000000005ac       0x8d ../CollendaCode_bsp//libhal_bsp.a(alt_busy_sleep.o)
 .debug_abbrev  0x0000000000000639       0x42 ../CollendaCode_bsp//libhal_bsp.a(alt_dcache_flush_all.o)
 .debug_abbrev  0x000000000000067b       0x42 ../CollendaCode_bsp//libhal_bsp.a(alt_icache_flush_all.o)
 .debug_abbrev  0x00000000000006bd       0x42 ../CollendaCode_bsp//libhal_bsp.a(altera_nios2_gen2_irq.o)
 .debug_abbrev  0x00000000000006ff       0x7f /opt/intelFPGA_lite/18.1/nios2eds/bin/gnu/H-x86_64-pc-linux-gnu/bin/../lib/gcc/nios2-elf/5.3.0/../../../../../H-x86_64-pc-linux-gnu/nios2-elf/lib/mno-hw-mul/libsmallc.a(lib_a-strlen.o)
 .debug_abbrev  0x000000000000077e      0x10e /opt/intelFPGA_lite/18.1/nios2eds/bin/gnu/H-x86_64-pc-linux-gnu/bin/../lib/gcc/nios2-elf/5.3.0/mno-hw-mul/libgcc.a(lib2-divmod.o)
 .debug_abbrev  0x000000000000088c       0x6f /opt/intelFPGA_lite/18.1/nios2eds/bin/gnu/H-x86_64-pc-linux-gnu/bin/../lib/gcc/nios2-elf/5.3.0/mno-hw-mul/libgcc.a(lib2-mul.o)

.debug_line     0x0000000000000000      0xaeb
 *(.debug_line)
 .debug_line    0x0000000000000000       0x66 ../CollendaCode_bsp//obj/HAL/src/crt0.o
 .debug_line    0x0000000000000066      0x134 obj/default/hello_world_small.o
 .debug_line    0x000000000000019a       0xa4 ../CollendaCode_bsp//libhal_bsp.a(alt_load.o)
 .debug_line    0x000000000000023e       0xbd ../CollendaCode_bsp//libhal_bsp.a(alt_main.o)
 .debug_line    0x00000000000002fb       0xa7 ../CollendaCode_bsp//libhal_bsp.a(alt_putstr.o)
 .debug_line    0x00000000000003a2       0xd6 ../CollendaCode_bsp//libhal_bsp.a(alt_usleep.o)
 .debug_line    0x0000000000000478      0x101 ../CollendaCode_bsp//libhal_bsp.a(alt_sys_init.o)
 .debug_line    0x0000000000000579       0xf0 ../CollendaCode_bsp//libhal_bsp.a(altera_avalon_jtag_uart_write.o)
 .debug_line    0x0000000000000669       0xb5 ../CollendaCode_bsp//libhal_bsp.a(alt_busy_sleep.o)
 .debug_line    0x000000000000071e       0x4e ../CollendaCode_bsp//libhal_bsp.a(alt_dcache_flush_all.o)
 .debug_line    0x000000000000076c       0x4e ../CollendaCode_bsp//libhal_bsp.a(alt_icache_flush_all.o)
 .debug_line    0x00000000000007ba       0x50 ../CollendaCode_bsp//libhal_bsp.a(altera_nios2_gen2_irq.o)
 .debug_line    0x000000000000080a      0x15c /opt/intelFPGA_lite/18.1/nios2eds/bin/gnu/H-x86_64-pc-linux-gnu/bin/../lib/gcc/nios2-elf/5.3.0/../../../../../H-x86_64-pc-linux-gnu/nios2-elf/lib/mno-hw-mul/libsmallc.a(lib_a-strlen.o)
 .debug_line    0x0000000000000966      0x105 /opt/intelFPGA_lite/18.1/nios2eds/bin/gnu/H-x86_64-pc-linux-gnu/bin/../lib/gcc/nios2-elf/5.3.0/mno-hw-mul/libgcc.a(lib2-divmod.o)
 .debug_line    0x0000000000000a6b       0x80 /opt/intelFPGA_lite/18.1/nios2eds/bin/gnu/H-x86_64-pc-linux-gnu/bin/../lib/gcc/nios2-elf/5.3.0/mno-hw-mul/libgcc.a(lib2-mul.o)

.debug_frame    0x0000000000000000      0x25c
 *(.debug_frame)
 .debug_frame   0x0000000000000000       0x34 obj/default/hello_world_small.o
 .debug_frame   0x0000000000000034       0x30 ../CollendaCode_bsp//libhal_bsp.a(alt_load.o)
 .debug_frame   0x0000000000000064       0x2c ../CollendaCode_bsp//libhal_bsp.a(alt_main.o)
 .debug_frame   0x0000000000000090       0x30 ../CollendaCode_bsp//libhal_bsp.a(alt_putstr.o)
 .debug_frame   0x00000000000000c0       0x20 ../CollendaCode_bsp//libhal_bsp.a(alt_usleep.o)
 .debug_frame   0x00000000000000e0       0x3c ../CollendaCode_bsp//libhal_bsp.a(alt_sys_init.o)
 .debug_frame   0x000000000000011c       0x20 ../CollendaCode_bsp//libhal_bsp.a(altera_avalon_jtag_uart_write.o)
 .debug_frame   0x000000000000013c       0x30 ../CollendaCode_bsp//libhal_bsp.a(alt_busy_sleep.o)
 .debug_frame   0x000000000000016c       0x20 ../CollendaCode_bsp//libhal_bsp.a(alt_dcache_flush_all.o)
 .debug_frame   0x000000000000018c       0x20 ../CollendaCode_bsp//libhal_bsp.a(alt_icache_flush_all.o)
 .debug_frame   0x00000000000001ac       0x20 ../CollendaCode_bsp//libhal_bsp.a(altera_nios2_gen2_irq.o)
 .debug_frame   0x00000000000001cc       0x20 /opt/intelFPGA_lite/18.1/nios2eds/bin/gnu/H-x86_64-pc-linux-gnu/bin/../lib/gcc/nios2-elf/5.3.0/../../../../../H-x86_64-pc-linux-gnu/nios2-elf/lib/mno-hw-mul/libsmallc.a(lib_a-strlen.o)
 .debug_frame   0x00000000000001ec       0x50 /opt/intelFPGA_lite/18.1/nios2eds/bin/gnu/H-x86_64-pc-linux-gnu/bin/../lib/gcc/nios2-elf/5.3.0/mno-hw-mul/libgcc.a(lib2-divmod.o)
 .debug_frame   0x000000000000023c       0x20 /opt/intelFPGA_lite/18.1/nios2eds/bin/gnu/H-x86_64-pc-linux-gnu/bin/../lib/gcc/nios2-elf/5.3.0/mno-hw-mul/libgcc.a(lib2-mul.o)

.debug_str      0x0000000000000000      0x80c
 *(.debug_str)
 .debug_str     0x0000000000000000      0x12d obj/default/hello_world_small.o
                                        0x16b (size before relaxing)
 .debug_str     0x000000000000012d      0x169 ../CollendaCode_bsp//libhal_bsp.a(alt_load.o)
                                        0x250 (size before relaxing)
 .debug_str     0x0000000000000296       0x8f ../CollendaCode_bsp//libhal_bsp.a(alt_main.o)
                                        0x1c9 (size before relaxing)
 .debug_str     0x0000000000000325       0x66 ../CollendaCode_bsp//libhal_bsp.a(alt_putstr.o)
                                        0x1a6 (size before relaxing)
 .debug_str     0x000000000000038b       0x2f ../CollendaCode_bsp//libhal_bsp.a(alt_usleep.o)
                                        0x16b (size before relaxing)
 .debug_str     0x00000000000003ba       0x86 ../CollendaCode_bsp//libhal_bsp.a(alt_sys_init.o)
                                        0x23a (size before relaxing)
 .debug_str     0x0000000000000440       0x38 ../CollendaCode_bsp//libhal_bsp.a(altera_avalon_jtag_uart_write.o)
                                        0x229 (size before relaxing)
 .debug_str     0x0000000000000478       0x33 ../CollendaCode_bsp//libhal_bsp.a(alt_busy_sleep.o)
                                        0x17f (size before relaxing)
 .debug_str     0x00000000000004ab       0x1f ../CollendaCode_bsp//libhal_bsp.a(alt_dcache_flush_all.o)
                                        0x169 (size before relaxing)
 .debug_str     0x00000000000004ca       0x1f ../CollendaCode_bsp//libhal_bsp.a(alt_icache_flush_all.o)
                                        0x169 (size before relaxing)
 .debug_str     0x00000000000004e9       0x20 ../CollendaCode_bsp//libhal_bsp.a(altera_nios2_gen2_irq.o)
                                        0x170 (size before relaxing)
 .debug_str     0x0000000000000509      0x13b /opt/intelFPGA_lite/18.1/nios2eds/bin/gnu/H-x86_64-pc-linux-gnu/bin/../lib/gcc/nios2-elf/5.3.0/../../../../../H-x86_64-pc-linux-gnu/nios2-elf/lib/mno-hw-mul/libsmallc.a(lib_a-strlen.o)
                                        0x1e6 (size before relaxing)
 .debug_str     0x0000000000000644      0x188 /opt/intelFPGA_lite/18.1/nios2eds/bin/gnu/H-x86_64-pc-linux-gnu/bin/../lib/gcc/nios2-elf/5.3.0/mno-hw-mul/libgcc.a(lib2-divmod.o)
                                        0x1d3 (size before relaxing)
 .debug_str     0x00000000000007cc       0x40 /opt/intelFPGA_lite/18.1/nios2eds/bin/gnu/H-x86_64-pc-linux-gnu/bin/../lib/gcc/nios2-elf/5.3.0/mno-hw-mul/libgcc.a(lib2-mul.o)
                                        0x194 (size before relaxing)

.debug_loc      0x0000000000000000      0x709
 *(.debug_loc)
 .debug_loc     0x0000000000000000       0x1f obj/default/hello_world_small.o
 .debug_loc     0x000000000000001f       0x37 ../CollendaCode_bsp//libhal_bsp.a(alt_putstr.o)
 .debug_loc     0x0000000000000056       0x21 ../CollendaCode_bsp//libhal_bsp.a(alt_usleep.o)
 .debug_loc     0x0000000000000077       0x21 ../CollendaCode_bsp//libhal_bsp.a(alt_sys_init.o)
 .debug_loc     0x0000000000000098       0x8b ../CollendaCode_bsp//libhal_bsp.a(altera_avalon_jtag_uart_write.o)
 .debug_loc     0x0000000000000123       0x67 ../CollendaCode_bsp//libhal_bsp.a(alt_busy_sleep.o)
 .debug_loc     0x000000000000018a       0x1e /opt/intelFPGA_lite/18.1/nios2eds/bin/gnu/H-x86_64-pc-linux-gnu/bin/../lib/gcc/nios2-elf/5.3.0/../../../../../H-x86_64-pc-linux-gnu/nios2-elf/lib/mno-hw-mul/libsmallc.a(lib_a-strlen.o)
 .debug_loc     0x00000000000001a8      0x4ce /opt/intelFPGA_lite/18.1/nios2eds/bin/gnu/H-x86_64-pc-linux-gnu/bin/../lib/gcc/nios2-elf/5.3.0/mno-hw-mul/libgcc.a(lib2-divmod.o)
 .debug_loc     0x0000000000000676       0x93 /opt/intelFPGA_lite/18.1/nios2eds/bin/gnu/H-x86_64-pc-linux-gnu/bin/../lib/gcc/nios2-elf/5.3.0/mno-hw-mul/libgcc.a(lib2-mul.o)

.debug_macinfo
 *(.debug_macinfo)

.debug_weaknames
 *(.debug_weaknames)

.debug_funcnames
 *(.debug_funcnames)

.debug_typenames
 *(.debug_typenames)

.debug_varnames
 *(.debug_varnames)

.debug_alt_sim_info
                0x0000000000000000       0x40
 *(.debug_alt_sim_info)
 .debug_alt_sim_info
                0x0000000000000000       0x10 ../CollendaCode_bsp//obj/HAL/src/crt0.o
 .debug_alt_sim_info
                0x0000000000000010       0x30 ../CollendaCode_bsp//libhal_bsp.a(alt_busy_sleep.o)
                0x000000000000d320                __alt_data_end = 0xd320
                0x000000000000d320                PROVIDE (__alt_stack_pointer, __alt_data_end)
                [!provide]                        PROVIDE (__alt_stack_limit, __alt_stack_base)
                [!provide]                        PROVIDE (__alt_heap_start, end)
                [!provide]                        PROVIDE (__alt_heap_limit, 0xd320)
OUTPUT(CollendaCode.elf elf32-littlenios2)

.debug_ranges   0x0000000000000000       0xe8
 .debug_ranges  0x0000000000000000       0x20 ../CollendaCode_bsp//obj/HAL/src/crt0.o
 .debug_ranges  0x0000000000000020       0x10 obj/default/hello_world_small.o
 .debug_ranges  0x0000000000000030       0x48 ../CollendaCode_bsp//libhal_bsp.a(alt_load.o)
 .debug_ranges  0x0000000000000078       0x10 /opt/intelFPGA_lite/18.1/nios2eds/bin/gnu/H-x86_64-pc-linux-gnu/bin/../lib/gcc/nios2-elf/5.3.0/../../../../../H-x86_64-pc-linux-gnu/nios2-elf/lib/mno-hw-mul/libsmallc.a(lib_a-strlen.o)
 .debug_ranges  0x0000000000000088       0x60 /opt/intelFPGA_lite/18.1/nios2eds/bin/gnu/H-x86_64-pc-linux-gnu/bin/../lib/gcc/nios2-elf/5.3.0/mno-hw-mul/libgcc.a(lib2-divmod.o)
